[ipa-apps.me/index.html]
[ipa-apps.me/ipaApps.png]
[backblue.gif]
[fade.gif]
[index.html]
[ipa-apps.me/js/framework7.min.js]
[pagead2.googlesyndication.com/pagead/js/f.txt]
[achcdn.com/script/atg.js]
[cdn4.iconfinder.com/data/icons/social-media-and-logos-11/32/6692709.png]
[ipa-apps.me/Links/Spotify.html]
[ipa-apps.me/Images/twitter.png]
[ipa-apps.me/Links/Twitter2.html]
[ipa-apps.me/Images/whatsapp.png]
[cdn0.iconfinder.com/data/icons/social-and-online-logos/40/3414621.png]
[ipa-apps.me/Links/Watusi2.html]
[ipa-apps.me/Links/SnapBreak.html]
[ipa-apps.me/Images/youtube.png]
[ipa-apps.me/Links/Cercube.html]
[ipa-apps.me/Links/YouTubeOld.html]
[ipa-apps.me/Images/instagram.png]
[ipa-apps.me/Links/Rocket.html]
[ipa-apps.me/Links/instagramPls2.html]
[ipa-apps.me/Images/Infltr.png]
[ipa-apps.me/Links/Infltr.html]
[ipa-apps.me/Images/Moonlight.png]
[ipa-apps.me/Links/Moonlight.html]
[ipa-apps.me/Images/TikTok++.png]
[ipa-apps.me/Links/TikTok.html]
[ipa-apps.me/Images/jodel++.png]
[ipa-apps.me/Links/jodel2.html]
[ipa-apps.me/Images/BikeRace++.png]
[ipa-apps.me/Links/BikeRace.html]
[ipa-apps.me/Images/ScreenshotX.png]
[ipa-apps.me/Links/ScreenshotX.html]
[ipa-apps.me/Images/AppInstaller.png]
[ipa-apps.me/Links/AppInstaller.html]
[ipa-apps.me/Images/FastRespring12.png]
[ipa-apps.me/Links/FastRespring12.html]
[ipa-apps.me/Images/RootlessJB4.png]
[ipa-apps.me/Links/RootlessJB4.html]
[ipa-apps.me/Images/PlankFilza.png]
[ipa-apps.me/Links/PlankFilza.html]
[ipa-apps.me/Images/OdysseyJB.png]
[ipa-apps.me/Links/OdysseyJB.html]
[ipa-apps.me/Images/Taurine.png]
[ipa-apps.me/Links/Taurine.html]
[ipa-apps.me/Images/ChimeraJB.png]
[ipa-apps.me/Links/ChimeraJB.html]
[ipa-apps.me/Links/ChimeraJB_oldv.html]
[ipa-apps.me/Images/unc0ver.png]
[ipa-apps.me/Links/Unc0ver.html]
[ipa-apps.me/Links/Unc0ver_old.html]
[ipa-apps.me/Images/Electra11.3.1.jpg]
[ipa-apps.me/Links/ElectraJB.html]
[ipa-apps.me/Images/Th0r.png]
[ipa-apps.me/Links/Th0r.html]
[ipa-apps.me/Links/Th0r3.html]
[ipa-apps.me/Images/Th0r4.png]
[ipa-apps.me/Links/Th0r4.html]
[ipa-apps.me/Links/JBRemover.html]
[ipa-apps.me/Images/rollectra11.png]
[ipa-apps.me/Links/rollectra11.html]
[ipa-apps.me/Images/Houdini.png]
[ipa-apps.me/Links/Houdini.html]
[ipa-apps.me/Images/DoubleHelix.png]
[ipa-apps.me/Links/DoubleH3lix.html]
[ipa-apps.me/Images/383.png]
[ipa-apps.me/Links/g0blin.html]
[ipa-apps.me/Images/Meridian.png]
[ipa-apps.me/Links/Meridian.html]
[ipa-apps.me/Images/Saigon.png]
[ipa-apps.me/Links/Saigon.html]
[ipa-apps.me/Images/Yalu102-icon.png]
[ipa-apps.me/Links/Yalu102.html]
[ipa-apps.me/Links/yaluE1.html]
[ipa-apps.me/Images/317.png]
[ipa-apps.me/Links/H3lix.html]
[ipa-apps.me/Images/PhoenixJB.png]
[ipa-apps.me/Links/PhoenixJB.html]
[ipa-apps.me/Images/EtasonJB.png]
[ipa-apps.me/Links/EtasonJB.html]
[ipa-apps.me/Images/327.png]
[ipa-apps.me/Links/pangu.html]
[cdnjs.cloudflare.com/ajax/libs/font-awesome/4.7.0/css/font-awesome.min.css]
[cdnjs.cloudflare.com/ajax/libs/inobounce/0.1.5/inobounce.min.js]
[ipa-apps.me/js/ipa-apps.js]
[ipa-apps.me/index.html]
[ipa-apps.me/css/framework7.ios.min.css]
[ipa-apps.me/css/framework7.ios.colors.min.css]
[ipa-apps.me/css/ipa-apps.css]
[acdcdn.com/script/suv4.js]
[ipa-apps.me/Download.gif]
[ipa-apps.me/Links/Spotify.html]
[ipa-apps.me/Links/Twitter2.html]
[ipa-apps.me/Links/Watusi2.html]
[ipa-apps.me/Links/SnapBreak.html]
[ipa-apps.me/Links/Cercube.html]
[ipa-apps.me/Links/YouTubeOld.html]
[code.jquery.com/jquery-3.2.1.min.js]
[ipa-apps.me/Links/Rocket.html]
[ipa-apps.me/Links/instagramPls2.html]
[ipa-apps.me/Links/Infltr.html]
[ipa-apps.me/Links/Moonlight.html]
[ipa-apps.me/Links/TikTok.html]
[ipa-apps.me/Links/jodel2.html]
[ipa-apps.me/Links/BikeRace.html]
[ipa-apps.me/Links/ScreenshotX.html]
[ipa-apps.me/Links/AppInstaller.html]
[ipa-apps.me/Links/FastRespring12.html]
[ipa-apps.me/Links/RootlessJB4.html]
[ipa-apps.me/Links/PlankFilza.html]
[ipa-apps.me/Links/OdysseyJB.html]
[ipa-apps.me/Links/Taurine.html]
[ipa-apps.me/Links/ChimeraJB.html]
[ipa-apps.me/Links/ChimeraJB_oldv.html]
[ipa-apps.me/Links/Unc0ver.html]
[ipa-apps.me/Links/Unc0ver_old.html]
[ipa-apps.me/Links/ElectraJB.html]
[ipa-apps.me/Links/Th0r.html]
[ipa-apps.me/Links/Th0r3.html]
[ipa-apps.me/Links/Th0r4.html]
[ipa-apps.me/Links/JBRemover.html]
[ipa-apps.me/Links/rollectra11.html]
[ipa-apps.me/Links/Houdini.html]
[ipa-apps.me/Links/DoubleH3lix.html]
[ipa-apps.me/Links/g0blin.html]
[ipa-apps.me/Links/Meridian.html]
[ipa-apps.me/Links/Saigon.html]
[ipa-apps.me/Links/Yalu102.html]
[ipa-apps.me/Links/yaluE1.html]
[ipa-apps.me/Links/H3lix.html]
[ipa-apps.me/Links/PhoenixJB.html]
[ipa-apps.me/Links/EtasonJB.html]
[ipa-apps.me/Links/pangu.html]
[cdnjs.cloudflare.com/ajax/libs/font-awesome/4.7.0/css/font-awesome.min.css]
[ipa-apps.me/img/i-f7-ios.html]
[ipa-apps.me/Links/itms-services_/indexea6d.html]
[ipa-apps.me/Links/itms-services_/indexfa8b.html]
[ipa-apps.me/Links/itms-services_/indexd96f.html]
[ipa-apps.me/Links/itms-services_/index5260.html]
[ipa-apps.me/Links/itms-services_/index3fd2.html]
[ipa-apps.me/Links/itms-services_/index3d72.html]
[ipa-apps.me/Links/itms-services_/index8317.html]
[ipa-apps.me/Links/itms-services_/index9cc9.html]
[ipa-apps.me/Links/itms-services_/indexb525.html]
[ipa-apps.me/Links/itms-services_/indexc85c.html]
[ipa-apps.me/Links/itms-services_/indexaebb.html]
[ipa-apps.me/Links/itms-services_/indexf481.html]
[ipa-apps.me/Links/itms-services_/index6fe8.html]
[ipa-apps.me/Links/itms-services_/index1564.html]
[ipa-apps.me/Links/itms-services_/index9c90.html]
[ipa-apps.me/Links/itms-services_/index3f09.html]
[ipa-apps.me/Links/itms-services_/indexa65d.html]
[ipa-apps.me/Links/itms-services_/index2114.html]
[ipa-apps.me/Links/itms-services_/indexcdb3.html]
[ipa-apps.me/Links/itms-services_/index16c8.html]
[ipa-apps.me/Links/itms-services_/index8ebf.html]
[ipa-apps.me/Links/itms-services_/index33a2.html]
[ipa-apps.me/Links/itms-services_/indexb950.html]
[ipa-apps.me/Links/itms-services_/index6ef3.html]
[ipa-apps.me/Links/itms-services_/index08e7.html]
[ipa-apps.me/Links/itms-services_/indexdd87.html]
[ipa-apps.me/Links/itms-services_/index83d8.html]
[ipa-apps.me/Links/itms-services_/index4947.html]
[ipa-apps.me/Links/itms-services_/index0370.html]
[ipa-apps.me/Links/itms-services_/index4bbd.html]
[ipa-apps.me/Links/itms-services_/index6140.html]
[ipa-apps.me/Links/itms-services_/index15cf.html]
[ipa-apps.me/Links/itms-services_/index2bd1.html]
[ipa-apps.me/Links/itms-services_/index1837.html]
[ipa-apps.me/Links/itms-services_/index0d66.html]
[ipa-apps.me/Links/itms-services_/indexe194.html]
[ipa-apps.me/Links/itms-services_/indexae27.html]
[ipa-apps.me/Links/itms-services_/index1dac.html]
[ipa-apps.me/Links/itms-services_/index1d45.html]
[ipa-apps.me/Links/itms-services_/index9989.html]
[ipa-apps.me/Links/itms-services_/index6359.html]
